// Jest Snapshot v1, https://goo.gl/fbAQLP

exports[`navigation bar will have all expected field 1`] = `
Object {
  "asFragment": [Function],
  "baseElement": <body>
    <div>
      <div
        style="margin-bottom: 2px;"
      >
        <nav
          class="navbar navbar-expand-lg navbar-light bg-light"
        >
          <div
            class="row"
            style="width: 100%;"
          >
            <div
              class="col-10"
              style="display: flex; padding-left: 30px;"
            >
              <a
                class="navbar-brand"
                href="/home"
              >
                Home
              </a>
              <a
                class="navbar-brand"
                href="/leaderboard"
              >
                LeaderBoard
              </a>
              <a
                class="navbar-brand"
                href="/add"
              >
                New
              </a>
            </div>
            <div
              class="col-2"
              style="display: flex;"
            >
              <a
                class="navbar-brand"
                href="/"
              >
                 
              </a>
              <img
                style="width: 40px; border-radius: 50%; margin-right: 20px;"
              />
              <a
                class="navbar-brand"
                href="/"
              >
                Logout
              </a>
            </div>
          </div>
        </nav>
      </div>
    </div>
  </body>,
  "container": <div>
    <div
      style="margin-bottom: 2px;"
    >
      <nav
        class="navbar navbar-expand-lg navbar-light bg-light"
      >
        <div
          class="row"
          style="width: 100%;"
        >
          <div
            class="col-10"
            style="display: flex; padding-left: 30px;"
          >
            <a
              class="navbar-brand"
              href="/home"
            >
              Home
            </a>
            <a
              class="navbar-brand"
              href="/leaderboard"
            >
              LeaderBoard
            </a>
            <a
              class="navbar-brand"
              href="/add"
            >
              New
            </a>
          </div>
          <div
            class="col-2"
            style="display: flex;"
          >
            <a
              class="navbar-brand"
              href="/"
            >
               
            </a>
            <img
              style="width: 40px; border-radius: 50%; margin-right: 20px;"
            />
            <a
              class="navbar-brand"
              href="/"
            >
              Logout
            </a>
          </div>
        </div>
      </nav>
    </div>
  </div>,
  "debug": [Function],
  "findAllByAltText": [Function],
  "findAllByDisplayValue": [Function],
  "findAllByLabelText": [Function],
  "findAllByPlaceholderText": [Function],
  "findAllByRole": [Function],
  "findAllByTestId": [Function],
  "findAllByText": [Function],
  "findAllByTitle": [Function],
  "findByAltText": [Function],
  "findByDisplayValue": [Function],
  "findByLabelText": [Function],
  "findByPlaceholderText": [Function],
  "findByRole": [Function],
  "findByTestId": [Function],
  "findByText": [Function],
  "findByTitle": [Function],
  "getAllByAltText": [Function],
  "getAllByDisplayValue": [Function],
  "getAllByLabelText": [Function],
  "getAllByPlaceholderText": [Function],
  "getAllByRole": [Function],
  "getAllByTestId": [Function],
  "getAllByText": [Function],
  "getAllByTitle": [Function],
  "getByAltText": [Function],
  "getByDisplayValue": [Function],
  "getByLabelText": [Function],
  "getByPlaceholderText": [Function],
  "getByRole": [Function],
  "getByTestId": [Function],
  "getByText": [Function],
  "getByTitle": [Function],
  "queryAllByAltText": [Function],
  "queryAllByDisplayValue": [Function],
  "queryAllByLabelText": [Function],
  "queryAllByPlaceholderText": [Function],
  "queryAllByRole": [Function],
  "queryAllByTestId": [Function],
  "queryAllByText": [Function],
  "queryAllByTitle": [Function],
  "queryByAltText": [Function],
  "queryByDisplayValue": [Function],
  "queryByLabelText": [Function],
  "queryByPlaceholderText": [Function],
  "queryByRole": [Function],
  "queryByTestId": [Function],
  "queryByText": [Function],
  "queryByTitle": [Function],
  "rerender": [Function],
  "unmount": [Function],
}
`;
